Number of characters is 4698
sizeFile is 4698
Number of chunks is 9
hello world
